=== Engineering Gate 2 — Runtime Verification Evidence ===
Test completed at: 2026-08-04T16:00:22.078078900Z

=== Evidence Log ===
[2026-08-04T16:00:21.934761200Z] === Engineering Gate 2 — Runtime Verification ===
[2026-08-04T16:00:21.936765Z] Test started at: 2026-08-04T16:00:21.934761200Z
[2026-08-04T16:00:21.944325600Z] 
========== PHASE 6: FAILURE RECOVERY VERIFICATION ==========
[2026-08-04T16:00:21.944325600Z] Step 1: Verifying failure recovery infrastructure...
[2026-08-04T16:00:21.944325600Z] Step 2: Checking rollback configuration...
[2026-08-04T16:00:21.951057Z] Initial state: OFFLINE
[2026-08-04T16:00:21.951057Z] Step 3: Verifying bootstrap failure handling...
[2026-08-04T16:00:21.951057Z] Step 4: Attempting normal bootstrap...
[2026-08-04T16:00:22.068683400Z] Bootstrap result: READY
[2026-08-04T16:00:22.068683400Z] ========== PHASE 6 COMPLETE ==========
[2026-08-04T16:00:22.068683400Z] NOTE: Controlled failure injection requires test hooks not currently implemented.
[2026-08-04T16:00:22.068683400Z] Infrastructure for failure recovery is in place (rollback configuration verified).
[2026-08-04T16:00:22.074077700Z] === Test completed at: 2026-08-04T16:00:22.074077700Z
[2026-08-04T16:00:22.075077900Z] Total test duration: 139ms

=== Verification Evidence Map ===
{bootstrapHasFailureHandling=true, rollbackOnFailure=true, normalBootstrapResult=READY}