=== Engineering Gate 2 — Runtime Verification Evidence ===
Test completed at: 2026-08-04T16:00:22.328456200Z

=== Evidence Log ===
[2026-08-04T16:00:22.315920400Z] === Engineering Gate 2 — Runtime Verification ===
[2026-08-04T16:00:22.315920400Z] Test started at: 2026-08-04T16:00:22.315920400Z
[2026-08-04T16:00:22.316920700Z] 
========== PHASE 1: BOOTSTRAP VERIFICATION ==========
[2026-08-04T16:00:22.316920700Z] Step 1: Creating PlatformBootstrap instance...
[2026-08-04T16:00:22.316920700Z] Step 2: Verifying initial state...
[2026-08-04T16:00:22.316920700Z] Initial state: OFFLINE
[2026-08-04T16:00:22.316920700Z] Step 3: Starting platform bootstrap...
[2026-08-04T16:00:22.318920600Z] Bootstrap completed in: 0ms
[2026-08-04T16:00:22.318920600Z] Step 4: Verifying final state...
[2026-08-04T16:00:22.318920600Z] Final state: READY
[2026-08-04T16:00:22.318920600Z] Step 5: Verifying bootstrap report...
[2026-08-04T16:00:22.318920600Z] Step 6: Verifying state transitions...
[2026-08-04T16:00:22.319920700Z] Step 7: Collecting initialization report details...
[2026-08-04T16:00:22.319920700Z] ========== PHASE 1 COMPLETE ==========
[2026-08-04T16:00:22.321920900Z] === Test completed at: 2026-08-04T16:00:22.319920700Z
[2026-08-04T16:00:22.321920900Z] Total test duration: 4ms

=== Verification Evidence Map ===
{bootstrapCreated=true, initialState=OFFLINE, bootstrapDurationMs=0, finalState=READY, reportGenerated=true, expectedTransitions=[OFFLINE, INITIALIZING, STARTING_CORE, STARTING_RUNTIME, STARTING_KERNELS, VERIFYING, READY], bootstrapSuccess=true, initializedModules=17, failedModules=0, warnings=0, totalDuration=0ms}