=== Engineering Gate 2 — Runtime Verification Evidence ===
Test completed at: 2026-08-04T15:46:38.205254300Z

=== Evidence Log ===
[2026-08-04T15:46:38.175247600Z] === Engineering Gate 2 — Runtime Verification ===
[2026-08-04T15:46:38.176248600Z] Test started at: 2026-08-04T15:46:38.175247600Z
[2026-08-04T15:46:38.176248600Z] 
========== PHASE 2: RUNTIME VERIFICATION ==========
[2026-08-04T15:46:38.178248900Z] Step 1: Getting Runtime instance...
[2026-08-04T15:46:38.178248900Z] Step 2: Verifying initial runtime state...
[2026-08-04T15:46:38.178248900Z] Initial runtime state: READY
[2026-08-04T15:46:38.178248900Z] Step 3: Verifying runtime configuration...
[2026-08-04T15:46:38.178248900Z] Step 4: Verifying runtime contract...
[2026-08-04T15:46:38.178248900Z] Step 5: Verifying ExecutionPipeline...
[2026-08-04T15:46:38.178248900Z] Step 6: Submitting test execution request...
[2026-08-04T15:46:38.197252800Z] Execution session: CREATED
[2026-08-04T15:46:38.197252800Z] Step 7: Verifying runtime state after execution...
[2026-08-04T15:46:38.198253500Z] Runtime state after execution: READY
[2026-08-04T15:46:38.198253500Z] ========== PHASE 2 COMPLETE ==========
[2026-08-04T15:46:38.202253300Z] === Test completed at: 2026-08-04T15:46:38.202253300Z
[2026-08-04T15:46:38.203253600Z] Total test duration: 27ms

=== Verification Evidence Map ===
{runtimeExists=true, runtimeInitialState=READY, runtimeConfiguration=default-runtime, runtimeContract=1.0.0, pipelineExists=true, pipelineName=DefaultExecutionPipeline, pipelineAccepting=true, executionRequestSucceeded=true, runtimeStateAfterExecution=READY}