=== Engineering Gate 2 — Runtime Verification Evidence ===
Test completed at: 2026-08-04T16:00:22.293832Z

=== Evidence Log ===
[2026-08-04T16:00:22.262166400Z] === Engineering Gate 2 — Runtime Verification ===
[2026-08-04T16:00:22.262166400Z] Test started at: 2026-08-04T16:00:22.262166400Z
[2026-08-04T16:00:22.264167500Z] 
========== PHASE 2: RUNTIME VERIFICATION ==========
[2026-08-04T16:00:22.266167Z] Step 1: Getting Runtime instance...
[2026-08-04T16:00:22.266167Z] Step 2: Verifying initial runtime state...
[2026-08-04T16:00:22.267167600Z] Initial runtime state: READY
[2026-08-04T16:00:22.267167600Z] Step 3: Verifying runtime configuration...
[2026-08-04T16:00:22.267167600Z] Step 4: Verifying runtime contract...
[2026-08-04T16:00:22.267167600Z] Step 5: Verifying ExecutionPipeline...
[2026-08-04T16:00:22.267167600Z] Step 6: Submitting test execution request...
[2026-08-04T16:00:22.286318400Z] Execution session: CREATED
[2026-08-04T16:00:22.286318400Z] Step 7: Verifying runtime state after execution...
[2026-08-04T16:00:22.287318600Z] Runtime state after execution: READY
[2026-08-04T16:00:22.287318600Z] ========== PHASE 2 COMPLETE ==========
[2026-08-04T16:00:22.288319100Z] === Test completed at: 2026-08-04T16:00:22.288319100Z
[2026-08-04T16:00:22.288319100Z] Total test duration: 26ms

=== Verification Evidence Map ===
{runtimeExists=true, runtimeInitialState=READY, runtimeConfiguration=default-runtime, runtimeContract=1.0.0, pipelineExists=true, pipelineName=DefaultExecutionPipeline, pipelineAccepting=true, executionRequestSucceeded=true, runtimeStateAfterExecution=READY}