=== Engineering Gate 2 — Runtime Verification Evidence ===
Test completed at: 2026-08-04T15:46:38.144009200Z

=== Evidence Log ===
[2026-08-04T15:46:38.120073300Z] === Engineering Gate 2 — Runtime Verification ===
[2026-08-04T15:46:38.121074400Z] Test started at: 2026-08-04T15:46:38.120073300Z
[2026-08-04T15:46:38.123073500Z] 
========== PHASE 5: SHUTDOWN VERIFICATION ==========
[2026-08-04T15:46:38.124074300Z] Step 1: Bootstrapping platform...
[2026-08-04T15:46:38.127585700Z] Platform state after bootstrap: READY
[2026-08-04T15:46:38.127585700Z] Step 2: Verifying platform is READY...
[2026-08-04T15:46:38.137007300Z] Step 3: Initiating graceful shutdown...
[2026-08-04T15:46:38.139009500Z] Shutdown completed in: 1ms
[2026-08-04T15:46:38.139009500Z] Step 4: Verifying final state...
[2026-08-04T15:46:38.139009500Z] Final state after shutdown: STOPPED
[2026-08-04T15:46:38.140007900Z] Step 5: Verifying shutdown report...
[2026-08-04T15:46:38.140007900Z] ========== PHASE 5 COMPLETE ==========
[2026-08-04T15:46:38.143009300Z] === Test completed at: 2026-08-04T15:46:38.143009300Z
[2026-08-04T15:46:38.143009300Z] Total test duration: 22ms

=== Verification Evidence Map ===
{readyBeforeShutdown=true, shutdownDurationMs=1, finalStateAfterShutdown=STOPPED, shutdownReportGenerated=true}