=== Engineering Gate 2 — Runtime Verification Evidence ===
Test completed at: 2026-08-04T15:46:37.953355900Z

=== Evidence Log ===
[2026-08-04T15:46:37.823767200Z] === Engineering Gate 2 — Runtime Verification ===
[2026-08-04T15:46:37.825272600Z] Test started at: 2026-08-04T15:46:37.823767200Z
[2026-08-04T15:46:37.832278600Z] 
========== PHASE 6: FAILURE RECOVERY VERIFICATION ==========
[2026-08-04T15:46:37.832278600Z] Step 1: Verifying failure recovery infrastructure...
[2026-08-04T15:46:37.832278600Z] Step 2: Checking rollback configuration...
[2026-08-04T15:46:37.840280800Z] Initial state: OFFLINE
[2026-08-04T15:46:37.840280800Z] Step 3: Verifying bootstrap failure handling...
[2026-08-04T15:46:37.840280800Z] Step 4: Attempting normal bootstrap...
[2026-08-04T15:46:37.943353800Z] Bootstrap result: READY
[2026-08-04T15:46:37.946354100Z] ========== PHASE 6 COMPLETE ==========
[2026-08-04T15:46:37.946354100Z] NOTE: Controlled failure injection requires test hooks not currently implemented.
[2026-08-04T15:46:37.946354100Z] Infrastructure for failure recovery is in place (rollback configuration verified).
[2026-08-04T15:46:37.951356Z] === Test completed at: 2026-08-04T15:46:37.951356Z
[2026-08-04T15:46:37.952355200Z] Total test duration: 127ms

=== Verification Evidence Map ===
{bootstrapHasFailureHandling=true, rollbackOnFailure=true, normalBootstrapResult=READY}