=== Engineering Gate 2 — Runtime Verification Evidence ===
Test completed at: 2026-08-04T15:46:38.228775400Z

=== Evidence Log ===
[2026-08-04T15:46:38.222261800Z] === Engineering Gate 2 — Runtime Verification ===
[2026-08-04T15:46:38.222261800Z] Test started at: 2026-08-04T15:46:38.222261800Z
[2026-08-04T15:46:38.223261600Z] 
========== PHASE 1: BOOTSTRAP VERIFICATION ==========
[2026-08-04T15:46:38.223261600Z] Step 1: Creating PlatformBootstrap instance...
[2026-08-04T15:46:38.223261600Z] Step 2: Verifying initial state...
[2026-08-04T15:46:38.223261600Z] Initial state: OFFLINE
[2026-08-04T15:46:38.224263Z] Step 3: Starting platform bootstrap...
[2026-08-04T15:46:38.224263Z] Bootstrap completed in: 0ms
[2026-08-04T15:46:38.224263Z] Step 4: Verifying final state...
[2026-08-04T15:46:38.224263Z] Final state: READY
[2026-08-04T15:46:38.225771Z] Step 5: Verifying bootstrap report...
[2026-08-04T15:46:38.225771Z] Step 6: Verifying state transitions...
[2026-08-04T15:46:38.225771Z] Step 7: Collecting initialization report details...
[2026-08-04T15:46:38.225771Z] ========== PHASE 1 COMPLETE ==========
[2026-08-04T15:46:38.226775300Z] === Test completed at: 2026-08-04T15:46:38.226775300Z
[2026-08-04T15:46:38.226775300Z] Total test duration: 4ms

=== Verification Evidence Map ===
{bootstrapCreated=true, initialState=OFFLINE, bootstrapDurationMs=0, finalState=READY, reportGenerated=true, expectedTransitions=[OFFLINE, INITIALIZING, STARTING_CORE, STARTING_RUNTIME, STARTING_KERNELS, VERIFYING, READY], bootstrapSuccess=true, initializedModules=17, failedModules=0, warnings=0, totalDuration=0ms}