=== Engineering Gate 2 — Runtime Verification Evidence ===
Test completed at: 2026-08-04T16:00:22.234518700Z

=== Evidence Log ===
[2026-08-04T16:00:22.215248300Z] === Engineering Gate 2 — Runtime Verification ===
[2026-08-04T16:00:22.215248300Z] Test started at: 2026-08-04T16:00:22.215248300Z
[2026-08-04T16:00:22.215248300Z] 
========== PHASE 5: SHUTDOWN VERIFICATION ==========
[2026-08-04T16:00:22.215248300Z] Step 1: Bootstrapping platform...
[2026-08-04T16:00:22.216754500Z] Platform state after bootstrap: READY
[2026-08-04T16:00:22.217778900Z] Step 2: Verifying platform is READY...
[2026-08-04T16:00:22.225784Z] Step 3: Initiating graceful shutdown...
[2026-08-04T16:00:22.227289300Z] Shutdown completed in: 1ms
[2026-08-04T16:00:22.227289300Z] Step 4: Verifying final state...
[2026-08-04T16:00:22.228513300Z] Final state after shutdown: STOPPED
[2026-08-04T16:00:22.228513300Z] Step 5: Verifying shutdown report...
[2026-08-04T16:00:22.228513300Z] ========== PHASE 5 COMPLETE ==========
[2026-08-04T16:00:22.231518100Z] === Test completed at: 2026-08-04T16:00:22.231518100Z
[2026-08-04T16:00:22.231518100Z] Total test duration: 16ms

=== Verification Evidence Map ===
{readyBeforeShutdown=true, shutdownDurationMs=1, finalStateAfterShutdown=STOPPED, shutdownReportGenerated=true}