=== Engineering Gate 2 — Runtime Verification Evidence ===
Test completed at: 2026-08-04T15:46:38.100066300Z

=== Evidence Log ===
[2026-08-04T15:46:38.087062400Z] === Engineering Gate 2 — Runtime Verification ===
[2026-08-04T15:46:38.087062400Z] Test started at: 2026-08-04T15:46:38.087062400Z
[2026-08-04T15:46:38.088062800Z] 
========== PHASE 4: PLATFORM SERVICE VERIFICATION ==========
[2026-08-04T15:46:38.094065200Z] Step 1: Getting PlatformServiceLocator...
[2026-08-04T15:46:38.094065200Z] Step 2: Verifying platform services...
[2026-08-04T15:46:38.095071400Z]   Configuration Service: ✅
[2026-08-04T15:46:38.095071400Z]   Registry Service: ✅
[2026-08-04T15:46:38.095071400Z]   Discovery Service: ✅
[2026-08-04T15:46:38.096066200Z]   EventBus Service: ✅
[2026-08-04T15:46:38.096066200Z]   Health Service: ✅
[2026-08-04T15:46:38.096066200Z]   Plugin Service: ✅
[2026-08-04T15:46:38.097070800Z]   Lifecycle Service: ✅
[2026-08-04T15:46:38.097070800Z]   Runtime Service: ✅
[2026-08-04T15:46:38.097070800Z] ========== PHASE 4 COMPLETE ==========
[2026-08-04T15:46:38.099067Z] === Test completed at: 2026-08-04T15:46:38.099067Z
[2026-08-04T15:46:38.099067Z] Total test duration: 12ms

=== Verification Evidence Map ===
{serviceLocatorExists=true, serviceVerification={Configuration={exists=true, initialized=true, healthy=true}, Registry={exists=true, initialized=true, kernelCount=9}, Discovery={exists=true, initialized=true}, EventBus={exists=true, initialized=true, status=INITIALIZED}, Health={exists=true, initialized=true}, Plugin={exists=true, initialized=true}, Lifecycle={exists=true, initialized=true}, Runtime={exists=true, initialized=true, state=READY}}}