=== Engineering Gate 2 — Runtime Verification Evidence ===
Test completed at: 2026-08-04T16:00:22.165924500Z

=== Evidence Log ===
[2026-08-04T16:00:22.125946800Z] === Engineering Gate 2 — Runtime Verification ===
[2026-08-04T16:00:22.125946800Z] Test started at: 2026-08-04T16:00:22.125946800Z
[2026-08-04T16:00:22.126947Z] 
========== PHASE 3: KERNEL VERIFICATION ==========
[2026-08-04T16:00:22.127947700Z] Step 1: Getting KernelRegistry...
[2026-08-04T16:00:22.136532500Z] Step 2: Retrieving all registered kernels...
[2026-08-04T16:00:22.137532500Z] Total kernels registered: 9
[2026-08-04T16:00:22.137532500Z] Step 3: Verifying each kernel...
[2026-08-04T16:00:22.137532500Z]   Verifying kernel: kernel.identity
[2026-08-04T16:00:22.140532300Z]     Registered: false
[2026-08-04T16:00:22.140532300Z]   Verifying kernel: kernel.memory
[2026-08-04T16:00:22.140532300Z]     Registered: false
[2026-08-04T16:00:22.140532300Z]   Verifying kernel: kernel.context
[2026-08-04T16:00:22.140532300Z]     Registered: false
[2026-08-04T16:00:22.140532300Z]   Verifying kernel: kernel.knowledge
[2026-08-04T16:00:22.142037500Z]     Registered: false
[2026-08-04T16:00:22.142037500Z]   Verifying kernel: kernel.cognitive
[2026-08-04T16:00:22.142037500Z]     Registered: false
[2026-08-04T16:00:22.142037500Z]   Verifying kernel: kernel.planning
[2026-08-04T16:00:22.143064700Z]     Registered: false
[2026-08-04T16:00:22.143064700Z]   Verifying kernel: kernel.execution
[2026-08-04T16:00:22.143064700Z]     Registered: false
[2026-08-04T16:00:22.143064700Z]   Verifying kernel: kernel.multiagent
[2026-08-04T16:00:22.143064700Z]     Registered: false
[2026-08-04T16:00:22.143966Z]   Verifying kernel: kernel.chief
[2026-08-04T16:00:22.143966Z]     Registered: false
[2026-08-04T16:00:22.143966Z] Step 4: Verifying kernel count...
[2026-08-04T16:00:22.144474700Z] Expected: 9, Actual: 9
[2026-08-04T16:00:22.144474700Z] ========== PHASE 3 COMPLETE ==========
[2026-08-04T16:00:22.156601800Z] === Test completed at: 2026-08-04T16:00:22.155601800Z
[2026-08-04T16:00:22.156601800Z] Total test duration: 29ms

=== Verification Evidence Map ===
{registryExists=true, totalKernels=9, kernelVerification={kernel.identity={registered=false}, kernel.memory={registered=false}, kernel.context={registered=false}, kernel.knowledge={registered=false}, kernel.cognitive={registered=false}, kernel.planning={registered=false}, kernel.execution={registered=false}, kernel.multiagent={registered=false}, kernel.chief={registered=false}}, expectedKernelCount=9, actualKernelCount=9}