=== Engineering Gate 2 — Runtime Verification Evidence ===
Test completed at: 2026-07-31T11:04:39.443811800Z

=== Evidence Log ===
[2026-07-31T11:04:39.023095400Z] === Engineering Gate 2 — Runtime Verification ===
[2026-07-31T11:04:39.025095500Z] Test started at: 2026-07-31T11:04:39.023095400Z
[2026-07-31T11:04:39.030602300Z] 
========== PHASE 6: FAILURE RECOVERY VERIFICATION ==========
[2026-07-31T11:04:39.032606900Z] Step 1: Verifying failure recovery infrastructure...
[2026-07-31T11:04:39.032606900Z] Step 2: Checking rollback configuration...
[2026-07-31T11:04:39.047629300Z] Initial state: OFFLINE
[2026-07-31T11:04:39.048629700Z] Step 3: Verifying bootstrap failure handling...
[2026-07-31T11:04:39.048629700Z] Step 4: Attempting normal bootstrap...
[2026-07-31T11:04:39.426951800Z] Bootstrap result: READY
[2026-07-31T11:04:39.427953100Z] ========== PHASE 6 COMPLETE ==========
[2026-07-31T11:04:39.427953100Z] NOTE: Controlled failure injection requires test hooks not currently implemented.
[2026-07-31T11:04:39.427953100Z] Infrastructure for failure recovery is in place (rollback configuration verified).
[2026-07-31T11:04:39.437793600Z] === Test completed at: 2026-07-31T11:04:39.436795200Z
[2026-07-31T11:04:39.437793600Z] Total test duration: 413ms

=== Verification Evidence Map ===
{bootstrapHasFailureHandling=true, rollbackOnFailure=true, normalBootstrapResult=READY}