=== Engineering Gate 2 — Runtime Verification Evidence ===
Test completed at: 2026-08-04T16:00:22.190474800Z

=== Evidence Log ===
[2026-08-04T16:00:22.179454100Z] === Engineering Gate 2 — Runtime Verification ===
[2026-08-04T16:00:22.180455100Z] Test started at: 2026-08-04T16:00:22.179454100Z
[2026-08-04T16:00:22.180455100Z] 
========== PHASE 4: PLATFORM SERVICE VERIFICATION ==========
[2026-08-04T16:00:22.181455300Z] Step 1: Getting PlatformServiceLocator...
[2026-08-04T16:00:22.181455300Z] Step 2: Verifying platform services...
[2026-08-04T16:00:22.182456100Z]   Configuration Service: ✅
[2026-08-04T16:00:22.182456100Z]   Registry Service: ✅
[2026-08-04T16:00:22.182456100Z]   Discovery Service: ✅
[2026-08-04T16:00:22.182456100Z]   EventBus Service: ✅
[2026-08-04T16:00:22.182456100Z]   Health Service: ✅
[2026-08-04T16:00:22.182456100Z]   Plugin Service: ✅
[2026-08-04T16:00:22.182456100Z]   Lifecycle Service: ✅
[2026-08-04T16:00:22.182456100Z]   Runtime Service: ✅
[2026-08-04T16:00:22.182456100Z] ========== PHASE 4 COMPLETE ==========
[2026-08-04T16:00:22.183455600Z] === Test completed at: 2026-08-04T16:00:22.183455600Z
[2026-08-04T16:00:22.183455600Z] Total test duration: 4ms

=== Verification Evidence Map ===
{serviceLocatorExists=true, serviceVerification={Configuration={exists=true, initialized=true, healthy=true}, Registry={exists=true, initialized=true, kernelCount=9}, Discovery={exists=true, initialized=true}, EventBus={exists=true, initialized=true, status=INITIALIZED}, Health={exists=true, initialized=true}, Plugin={exists=true, initialized=true}, Lifecycle={exists=true, initialized=true}, Runtime={exists=true, initialized=true, state=READY}}}